// Jest Snapshot v1, https://goo.gl/fbAQLP

exports[`Agenda renders an agenda title 1`] = `
<div>
  <div>
    <h3
      data-testid="title"
    >
      Escolha o melhor dia e horário para você
    </h3>
    <div
      class="calendly-inline-widget calendario"
      data-url="https://calendly.com/matheusdamiao/pre-briefing?hide_event_type_details=1&hide_gdpr_banner=1"
    />
  </div>
</div>
`;
